Microchip MPLAB XC8 Compiler V2.05 ()

Linker command line:

-W-3 --edf=/opt/microchip/xc8/v2.05/pic/dat/en_msgs.txt -cs \
  -h+dist/default/production/ARES_PPM_to_PWM.x.production.sym \
  --cmf=dist/default/production/ARES_PPM_to_PWM.x.production.cmf -z \
  -Q16F1777 -o/tmp/xcXSeIoPx --defsym=__MPLAB_BUILD=1 \
  -Mdist/default/production/ARES_PPM_to_PWM.x.production.map -E1 -ver=XC8 \
  --acfsm=1493 -ASTACK=020C2h-023EFh -pstack=STACK -ACODE=00h-07FFhx4 \
  -ASTRCODE=00h-01FFFh -ASTRING=00h-0FFhx32 -ACONST=00h-0FFhx32 \
  -AENTRY=00h-0FFhx32 -ACOMMON=070h-07Fh -ABANK0=020h-06Fh \
  -ABANK1=0A0h-0EFh -ABANK2=0120h-016Fh -ABANK3=01A0h-01EFh \
  -ABANK4=0220h-026Fh -ABANK5=02A0h-02EFh -ABANK6=0320h-036Fh \
  -ABANK7=03A0h-03EFh -ABANK8=0420h-046Fh -ABANK9=04A0h-04EFh \
  -ABANK10=0520h-056Fh -ABANK11=05A0h-05EFh -ABANK12=0620h-064Fh \
  -ABIGRAM=02000h-023EFh \
  -ARAM=020h-06Fh,0A0h-0EFh,0120h-016Fh,01A0h-01EFh,0220h-026Fh,02A0h-02EFh,0320h-036Fh,03A0h-03EFh,0420h-046Fh,04A0h-04EFh,0520h-056Fh,05A0h-05EFh,0620h-064Fh \
  -AABS1=020h-07Fh,0A0h-0EFh,0120h-016Fh,01A0h-01EFh,0220h-026Fh,02A0h-02EFh,0320h-036Fh,03A0h-03EFh,0420h-046Fh,04A0h-04EFh,0520h-056Fh,05A0h-05EFh,0620h-064Fh \
  -ASFR0=00h-01Fh -ASFR1=080h-09Fh -ASFR2=0100h-011Fh -ASFR3=0180h-019Fh \
  -ASFR4=0200h-021Fh -ASFR5=0280h-029Fh -ASFR6=0300h-031Fh \
  -ASFR7=0380h-039Fh -ASFR8=0400h-041Fh -ASFR9=0480h-049Fh \
  -ASFR10=0500h-051Fh -ASFR11=0580h-059Fh -ASFR12=0600h-061Fh \
  -ASFR13=0680h-06EFh -ASFR14=0700h-076Fh -ASFR15=0780h-07EFh \
  -ASFR16=0800h-086Fh -ASFR17=0880h-08EFh -ASFR18=0900h-096Fh \
  -ASFR19=0980h-09EFh -ASFR20=0A00h-0A6Fh -ASFR21=0A80h-0AEFh \
  -ASFR22=0B00h-0B6Fh -ASFR23=0B80h-0BEFh -ASFR24=0C00h-0C6Fh \
  -ASFR25=0C80h-0CEFh -ASFR26=0D00h-0D6Fh -ASFR27=0D80h-0DEFh \
  -ASFR28=0E00h-0E6Fh -ASFR29=0E80h-0EEFh -ASFR30=0F00h-0F6Fh \
  -ASFR31=0F80h-0FEFh -preset_vec=00h,intentry=04h,init,end_init \
  -ppowerup=CODE -pcinit=CODE -pfunctab=ENTRY -ACONFIG=08007h-08008h \
  -pconfig=CONFIG -DCONFIG=2 -AIDLOC=08000h-08003h -pidloc=IDLOC -DIDLOC=2 \
  -DCODE=2 -DSTRCODE=2 -DSTRING=2 -DCONST=2 -DENTRY=2 -k /tmp/xcXZCMh8I.o \
  dist/default/production/ARES_PPM_to_PWM.x.production.o 

Object code version is 3.11

Machine type is 16F1777



                Name                               Link     Load   Length Selector   Space Scale
/tmp/xcXZCMh8I.o
                end_init                             1C       1C        2        8       0
                reset_vec                             0        0        2        0       0
                config                             8007     8007        2    1000E       0
dist/default/production/ARES_PPM_to_PWM.x.production.o
                cinit                                1E       1E       23        8       0
                intentry                              4        4       18        8       0
                text49                              C5A      C5A       13     18B4       0
                text48                              E51      E51       2D     1CA2       0
                text47                              E7E      E7E       37     1CFC       0
                text46                              BAA      BAA        5     1754       0
                text45                              CAB      CAB       17     1956       0
                text44                              EB5      EB5       37     1D6A       0
                text43                              C3B      C3B        F     1876       0
                text42                              C14      C14        D     1828       0
                text40                              C21      C21        D     1842       0
                text39                              BA3      BA3        3     1746       0
                text38                              783      783       65        8       0
                text37                              D35      D35       20     1A6A       0
                text36                              E01      E01       26     1C02       0
                text35                              F68      F68       4B     1ED0       0
                text34                              BFC      BFC        C     17F8       0
                text33                              D17      D17       1E     1A2E       0
                text32                              CFA      CFA       1D     19F4       0
                text31                              C81      C81       15     1902       0
                text30                              C6D      C6D       14     18DA       0
                text29                              6AF      6AF       6E        8       0
                text28                              26D      26D      1E2        8       0
                text27                              D55      D55       20     1AAA       0
                text26                               41       41      22C        8       0
                text25                              71D      71D       66        8       0
                text24                              515      515       96        8       0
                text23                              44F      44F       C6        8       0
                text22                              5AB      5AB       8E        8       0
                text21                              DB9      DB9       23     1B72       0
                text20                              BE8      BE8        A     17D0       0
                text19                              C2E      C2E        D     185C       0
                text18                              C96      C96       15     192C       0
                text17                              D75      D75       22     1AEA       0
                text16                              EEC      EEC       3E     1DD8       0
                text15                              639      639       76        8       0
                text14                              C08      C08        C     1810       0
                text13                              BBB      BBB        9     1776       0
                text12                              BC4      BC4        9     1788       0
                text11                              BCD      BCD        9     179A       0
                text10                              DDC      DDC       25     1BB8       0
                text9                               BF2      BF2        A     17E4       0
                text8                               F2A      F2A       3E     1E54       0
                text7                               C4A      C4A       10     1894       0
                text6                               BD6      BD6        9     17AC       0
                text5                               CC2      CC2       1C     1984       0
                text4                               BDF      BDF        9     17BE       0
                text3                               CDE      CDE       1C     19BC       0
                text2                               BA6      BA6        4     174C       0
                text1                               7E8      7E8       18        8       0
                maintext                            FB3      FB3       4D     1F66       0
                cstackBANK0                          20       20       4F       20       1
                cstackCOMMON                         70       70        C       70       1
                cstackBANK1                          E0       E0        A       A0       1
                clrtext                             BAF      BAF        6     175E       0
                inittext                            BB5      BB5        6     176A       0
                dataBANK2                           120      120       22      120       1
                dataBANK1                            A0       A0       2A       A0       1
                bssBANK1                             CA       CA       16       A0       1
                stringtext3                        1008     1008        4     2000       0
                stringtext2                        1004     1004        4     2000       0
                stringtext1                        1000     1000        4     2000       0
                idataBANK2                          D97      D97       22     1B2E       0
                idataBANK1                          E27      E27       2A     1C4E       0

TOTAL           Name                               Link     Load   Length     Space
        CLASS   STACK          

        CLASS   CODE           
                end_init                             1C       1C        2         0
                cinit                                1E       1E       23         0
                intentry                              4        4       18         0
                reset_vec                             0        0        2         0
                text49                              C5A      C5A       13         0
                text48                              E51      E51       2D         0
                text47                              E7E      E7E       37         0
                text46                              BAA      BAA        5         0
                text45                              CAB      CAB       17         0
                text44                              EB5      EB5       37         0
                text43                              C3B      C3B        F         0
                text42                              C14      C14        D         0
                text40                              C21      C21        D         0
                text39                              BA3      BA3        3         0
                text38                              783      783       65         0
                text37                              D35      D35       20         0
                text36                              E01      E01       26         0
                text35                              F68      F68       4B         0
                text34                              BFC      BFC        C         0
                text33                              D17      D17       1E         0
                text32                              CFA      CFA       1D         0
                text31                              C81      C81       15         0
                text30                              C6D      C6D       14         0
                text29                              6AF      6AF       6E         0
                text28                              26D      26D      1E2         0
                text27                              D55      D55       20         0
                text26                               41       41      22C         0
                text25                              71D      71D       66         0
                text24                              515      515       96         0
                text23                              44F      44F       C6         0
                text22                              5AB      5AB       8E         0
                text21                              DB9      DB9       23         0
                text20                              BE8      BE8        A         0
                text19                              C2E      C2E        D         0
                text18                              C96      C96       15         0
                text17                              D75      D75       22         0
                text16                              EEC      EEC       3E         0
                text15                              639      639       76         0
                text14                              C08      C08        C         0
                text13                              BBB      BBB        9         0
                text12                              BC4      BC4        9         0
                text11                              BCD      BCD        9         0
                text10                              DDC      DDC       25         0
                text9                               BF2      BF2        A         0
                text8                               F2A      F2A       3E         0
                text7                               C4A      C4A       10         0
                text6                               BD6      BD6        9         0
                text5                               CC2      CC2       1C         0
                text4                               BDF      BDF        9         0
                text3                               CDE      CDE       1C         0
                text2                               BA6      BA6        4         0
                text1                               7E8      7E8       18         0
                maintext                            FB3      FB3       4D         0
                clrtext                             BAF      BAF        6         0
                inittext                            BB5      BB5        6         0
                idataBANK2                          D97      D97       22         0
                idataBANK1                          E27      E27       2A         0

        CLASS   STRCODE        
                stringtext3                        1008     1008        4         0
                stringtext2                        1004     1004        4         0
                stringtext1                        1000     1000        4         0

        CLASS   STRING         

        CLASS   CONST          

        CLASS   ENTRY          

        CLASS   COMMON         
                cstackCOMMON                         70       70        C         1

        CLASS   BANK0          
                cstackBANK0                          20       20       4F         1

        CLASS   BANK1          
                cstackBANK1                          E0       E0        A         1
                dataBANK1                            A0       A0       2A         1
                bssBANK1                             CA       CA       16         1

        CLASS   BANK2          
                dataBANK2                           120      120       22         1

        CLASS   BANK3          

        CLASS   BANK4          

        CLASS   BANK5          

        CLASS   BANK6          

        CLASS   BANK7          

        CLASS   BANK8          

        CLASS   BANK9          

        CLASS   BANK10         

        CLASS   BANK11         

        CLASS   BANK12         

        CLASS   BIGRAM         

        CLASS   RAM            

        CLASS   ABS1           
                abs_s1                               7E       7E        2         1

        CLASS   SFR0           

        CLASS   SFR1           

        CLASS   SFR2           

        CLASS   SFR3           

        CLASS   SFR4           

        CLASS   SFR5           

        CLASS   SFR6           

        CLASS   SFR7           

        CLASS   SFR8           

        CLASS   SFR9           

        CLASS   SFR10          

        CLASS   SFR11          

        CLASS   SFR12          

        CLASS   SFR13          

        CLASS   SFR14          

        CLASS   SFR15          

        CLASS   SFR16          

        CLASS   SFR17          

        CLASS   SFR18          

        CLASS   SFR19          

        CLASS   SFR20          

        CLASS   SFR21          

        CLASS   SFR22          

        CLASS   SFR23          

        CLASS   SFR24          

        CLASS   SFR25          

        CLASS   SFR26          

        CLASS   SFR27          

        CLASS   SFR28          

        CLASS   SFR29          

        CLASS   SFR30          

        CLASS   SFR31          

        CLASS   CONFIG         
                config                             8007     8007        2         0

        CLASS   IDLOC          

        CLASS   BANK31         

        CLASS   BANK30         

        CLASS   BANK29         

        CLASS   BANK28         

        CLASS   BANK27         

        CLASS   BANK26         

        CLASS   BANK25         

        CLASS   BANK24         

        CLASS   BANK23         

        CLASS   BANK22         

        CLASS   BANK21         

        CLASS   BANK20         

        CLASS   BANK19         

        CLASS   BANK18         

        CLASS   BANK17         

        CLASS   BANK16         

        CLASS   BANK15         

        CLASS   BANK14         

        CLASS   BANK13         

        CLASS   EEDATA         



SEGMENTS        Name                           Load    Length   Top    Selector   Space  Class     Delta

                reset_vec                      000000  000002  000002         0       0  CODE        2
                intentry                       000004  0007FC  000800         8       0  CODE        2
                cstackBANK0                    000020  00004F  00006F        20       1  BANK0       1
                cstackCOMMON                   000070  00000C  00007C        70       1  COMMON      1
                dataBANK1                      0000A0  00004A  0000EA        A0       1  BANK1       1
                dataBANK2                      000120  000022  000142       120       1  BANK2       1
                text39                         000BA3  000003  000BA6      1746       0  CODE        2
                text2                          000BA6  000004  000BAA      174C       0  CODE        2
                text46                         000BAA  000005  000BAF      1754       0  CODE        2
                clrtext                        000BAF  000006  000BB5      175E       0  CODE        2
                inittext                       000BB5  000006  000BBB      176A       0  CODE        2
                text13                         000BBB  000009  000BC4      1776       0  CODE        2
                text12                         000BC4  000009  000BCD      1788       0  CODE        2
                text11                         000BCD  000009  000BD6      179A       0  CODE        2
                text6                          000BD6  000009  000BDF      17AC       0  CODE        2
                text4                          000BDF  000009  000BE8      17BE       0  CODE        2
                text20                         000BE8  00000A  000BF2      17D0       0  CODE        2
                text9                          000BF2  00000A  000BFC      17E4       0  CODE        2
                text34                         000BFC  00000C  000C08      17F8       0  CODE        2
                text14                         000C08  00000C  000C14      1810       0  CODE        2
                text42                         000C14  00000D  000C21      1828       0  CODE        2
                text40                         000C21  00000D  000C2E      1842       0  CODE        2
                text19                         000C2E  00000D  000C3B      185C       0  CODE        2
                text43                         000C3B  00000F  000C4A      1876       0  CODE        2
                text7                          000C4A  000010  000C5A      1894       0  CODE        2
                text49                         000C5A  000013  000C6D      18B4       0  CODE        2
                text30                         000C6D  000014  000C81      18DA       0  CODE        2
                text31                         000C81  000015  000C96      1902       0  CODE        2
                text18                         000C96  000015  000CAB      192C       0  CODE        2
                text45                         000CAB  000017  000CC2      1956       0  CODE        2
                text5                          000CC2  00001C  000CDE      1984       0  CODE        2
                text3                          000CDE  00001C  000CFA      19BC       0  CODE        2
                text32                         000CFA  00001D  000D17      19F4       0  CODE        2
                text33                         000D17  00001E  000D35      1A2E       0  CODE        2
                text37                         000D35  000020  000D55      1A6A       0  CODE        2
                text27                         000D55  000020  000D75      1AAA       0  CODE        2
                text17                         000D75  000022  000D97      1AEA       0  CODE        2
                idataBANK2                     000D97  000022  000DB9      1B2E       0  CODE        2
                text21                         000DB9  000023  000DDC      1B72       0  CODE        2
                text10                         000DDC  000025  000E01      1BB8       0  CODE        2
                text36                         000E01  000026  000E27      1C02       0  CODE        2
                idataBANK1                     000E27  00002A  000E51      1C4E       0  CODE        2
                text48                         000E51  00002D  000E7E      1CA2       0  CODE        2
                text47                         000E7E  000037  000EB5      1CFC       0  CODE        2
                text44                         000EB5  000037  000EEC      1D6A       0  CODE        2
                text16                         000EEC  00003E  000F2A      1DD8       0  CODE        2
                text8                          000F2A  00003E  000F68      1E54       0  CODE        2
                text35                         000F68  00004B  000FB3      1ED0       0  CODE        2
                maintext                       000FB3  00004D  001000      1F66       0  CODE        2
                stringtext1                    001000  00000C  00100C      2000       0  STRCODE     2
                config                         008007  000002  008009     1000E       0  CONFIG      2


UNUSED ADDRESS RANGES

        Name                Unused          Largest block    Delta
        BANK0            0006F-0006F               1           1
        BANK1            000EA-000EF               6           1
        BANK10           00520-0056F              50           1
        BANK11           005A0-005EF              50           1
        BANK12           00620-0064F              30           1
        BANK2            00142-0016F              2E           1
        BANK3            001A0-001EF              50           1
        BANK4            00220-0026F              50           1
        BANK5            002A0-002EF              50           1
        BANK6            00320-0036F              50           1
        BANK7            003A0-003EF              50           1
        BANK8            00420-0046F              50           1
        BANK9            004A0-004EF              50           1
        BIGRAM           02000-023EF             3F0           1
        CODE             00002-00003               2           2
                         00800-00BA2             3A3
                         0100C-01FFF             7F4
        COMMON           0007C-0007D               2           1
        CONST            00002-00003               2           2
                         00800-00BA2             100
                         0100C-01FFF             100
        ENTRY            00002-00003               2           2
                         00800-00BA2             100
                         0100C-01FFF             100
        IDLOC            08000-08003               4           2
        RAM              0006F-0006F               1           1
                         000EA-000EF               6
                         00142-0016F              2E
                         001A0-001EF              50
                         00220-0026F              50
                         002A0-002EF              50
                         00320-0036F              50
                         003A0-003EF              50
                         00420-0046F              50
                         004A0-004EF              50
                         00520-0056F              50
                         005A0-005EF              50
                         00620-0064F              30
        SFR0             00000-0001F              20           1
        SFR1             00080-0009F              20           1
        SFR10            00500-0051F              20           1
        SFR11            00580-0059F              20           1
        SFR12            00600-0061F              20           1
        SFR13            00680-006EF              70           1
        SFR14            00700-0076F              70           1
        SFR15            00780-007EF              70           1
        SFR16            00800-0086F              70           1
        SFR17            00880-008EF              70           1
        SFR18            00900-0096F              70           1
        SFR19            00980-009EF              70           1
        SFR2             00100-0011F              20           1
        SFR20            00A00-00A6F              70           1
        SFR21            00A80-00AEF              70           1
        SFR22            00B00-00B6F              70           1
        SFR23            00B80-00BEF              70           1
        SFR24            00C00-00C6F              70           1
        SFR25            00C80-00CEF              70           1
        SFR26            00D00-00D6F              70           1
        SFR27            00D80-00DEF              70           1
        SFR28            00E00-00E6F              70           1
        SFR29            00E80-00EEF              70           1
        SFR3             00180-0019F              20           1
        SFR30            00F00-00F6F              70           1
        SFR31            00F80-00FEF              70           1
        SFR4             00200-0021F              20           1
        SFR5             00280-0029F              20           1
        SFR6             00300-0031F              20           1
        SFR7             00380-0039F              20           1
        SFR8             00400-0041F              20           1
        SFR9             00480-0049F              20           1
        STACK            020C2-023EF             32E           1
        STRCODE          00002-00003               2           2
                         00800-00BA2             3A3
                         0100C-01FFF             FF4
        STRING           00002-00003               2           2
                         00800-00BA2             100
                         0100C-01FFF             100

                                  Symbol Table

?_CCP1_CaptureRead                             cstackBANK0  00020
?_Filter                                       cstackBANK0  00020
?__Umul8_16                                    cstackBANK0  00020
?___fladd                                      cstackBANK0  00048
?___flmul                                      cstackBANK0  0002E
?___fltol                                      cstackBANK0  0005C
?___xxtofl                                     cstackBANK0  00020
CCP1_CaptureRead@module                        cstackBANK0  00023
CCP1_CaptureRead@temp                          cstackBANK0  00025
CCP1_IsCapturedDataReady@status                cstackBANK0  00020
CheckCRC@i                                     cstackBANK0  00024
CheckCRC@inc                                   cstackBANK0  00023
CheckCRC@j                                     cstackBANK0  00025
CheckCRC@uart                                  cstackBANK0  00026
EUSART_SetErrorHandler@interruptHandler        cstackBANK0  00020
EUSART_SetFramingErrorHandler@interruptHandler cstackBANK0  00020
EUSART_SetOverrunErrorHandler@interruptHandler cstackBANK0  00020
Filter@i                                       cstackBANK0  00022
Filter@pwm                                     cstackBANK0  00027
Filter@temp                                    cstackBANK0  00020
GetAutoModeState@ppm                           cstackBANK0  00023
GetCtrlModeState@ppm                           cstackBANK0  00023
Init_PORT_Data@port                            cstackBANK0  00020
Init_PPM_Data@i                                cstackBANK0  00021
Init_PPM_Data@ppm                              cstackBANK0  00022
Init_PWM_Data@i                                cstackBANK0  00021
Init_PWM_Data@pwm                              cstackBANK0  00022
Init_UART_Data@i                               cstackBANK0  00021
Init_UART_Data@uart                            cstackBANK0  00022
IsAutoMode@ppm                                 cstackBANK0  00024
IsManipulationMode@ppm                         cstackBANK0  00024
IsManualMode@ppm                               cstackBANK0  00024
IsPPMMode@ppm                                  cstackBANK0  00025
IsUARTMode@ppm                                 cstackBANK0  00025
LoadByte@byte                                  cstackBANK0  0006D
LoadByte@ppmMode                               cstackBANK1  000E6
LoadByte@pwm                                   cstackBANK1  000E7
LoadByte@uart                                  cstackBANK0  0006E
PPMRead@ppm                                    cstackBANK0  00033
PPMRead@pwm                                    cstackBANK0  00031
PPMUpdatePWM@i                                 cstackBANK0  00030
PPMUpdatePWM@ppm                               cstackBANK0  00028
PPMUpdatePWM@pwm                               cstackBANK0  0002F
TMR3_CallBack@saveBSR                          cstackCOMMON 00076
TMR3_CallBack@saveFSR0H                        cstackCOMMON 00078
TMR3_CallBack@saveFSR0L                        cstackCOMMON 00079
TMR3_CallBack@saveFSR1H                        cstackCOMMON 0007A
TMR3_CallBack@saveFSR1L                        cstackCOMMON 0007B
TMR3_CallBack@saveSTATUS                       cstackCOMMON 00077
TMR3_CallBack@saveWREG                         cstackCOMMON 00075
TMR3_SetInterruptHandler@InterruptHandler      cstackBANK0  00020
TMR3_WriteTimer@timerVal                       cstackCOMMON 00070
TMR5_CallBack@saveBSR                          cstackCOMMON 00075
TMR5_CallBack@saveFSR0H                        cstackCOMMON 00077
TMR5_CallBack@saveFSR0L                        cstackCOMMON 00078
TMR5_CallBack@saveFSR1H                        cstackCOMMON 00079
TMR5_CallBack@saveFSR1L                        cstackCOMMON 0007A
TMR5_CallBack@saveSTATUS                       cstackCOMMON 00076
TMR5_CallBack@saveWREG                         cstackCOMMON 00074
TMR5_SetInterruptHandler@InterruptHandler      cstackBANK0  00020
TMR5_WriteTimer@timerVal                       cstackCOMMON 00070
UARTUpdatePWM@dir                              cstackBANK1  000E0
UARTUpdatePWM@dir_reg                          cstackBANK1  000E1
UARTUpdatePWM@i                                cstackBANK1  000E5
UARTUpdatePWM@pwm                              cstackBANK1  000E4
UARTUpdatePWM@temp                             cstackBANK1  000E2
UARTUpdatePWM@uart                             cstackBANK0  00067
_ANSELA                                        (abs)        0018C
_ANSELB                                        (abs)        0018D
_ANSELC                                        (abs)        0018E
_ANSELD                                        (abs)        0018F
_ANSELE                                        (abs)        00190
_BAUD1CON                                      (abs)        0019F
_BORCON                                        (abs)        0009D
_BSR                                           (abs)        00008
_CCP1CAP                                       (abs)        00294
_CCP1CON                                       (abs)        00293
_CCP1PPS                                       (abs)        00E19
_CCP1_CaptureRead                              text21       00DB9
_CCP1_Initialize                               text14       00C08
_CCP1_IsCapturedDataReady                      text20       00BE8
_CCPR1H                                        (abs)        00292
_CCPR1L                                        (abs)        00291
_CheckCRC                                      text35       00F68
_EUSART_DefaultErrorHandler                    (abs)        00000
_EUSART_DefaultFramingErrorHandler             (abs)        00000
_EUSART_DefaultOverrunErrorHandler             (abs)        00000
_EUSART_ErrorHandler                           bssBANK1     000D2
_EUSART_FramingErrorHandler                    bssBANK1     000D6
_EUSART_Initialize                             text10       00DDC
_EUSART_OverrunErrorHandler                    bssBANK1     000D4
_EUSART_Read                                   text34       00BFC
_EUSART_SetErrorHandler                        text13       00BBB
_EUSART_SetFramingErrorHandler                 text12       00BC4
_EUSART_SetOverrunErrorHandler                 text11       00BCD
_FSR0H                                         (abs)        00005
_FSR0L                                         (abs)        00004
_FSR1H                                         (abs)        00007
_FSR1L                                         (abs)        00006
_Filter                                        text29       006AF
_GetAutoModeState                              text33       00D17
_GetCtrlModeState                              text32       00CFA
_INTCONbits                                    (abs)        0000B
_INTERRUPT_InterruptManager                    intentry     00004
_Init_PORT_Data                                text40       00C21
_Init_PPM_Data                                 text38       00783
_Init_PWM_Data                                 text37       00D35
_Init_UART_Data                                text36       00E01
_IsAutoMode                                    text31       00C81
_IsDriveCont                                   text39       00BA3
_IsManipulationMode                            text19       00C2E
_IsManualMode                                  text18       00C96
_IsPPMMode                                     text17       00D75
_IsUARTMode                                    text30       00C6D
_LATA                                          (abs)        0010C
_LATB                                          (abs)        0010D
_LATC                                          (abs)        0010E
_LATD                                          (abs)        0010F
_LATE                                          (abs)        00110
_LoadByte                                      text22       005AB
_ODCONA                                        (abs)        0028C
_ODCONB                                        (abs)        0028D
_ODCONC                                        (abs)        0028E
_ODCOND                                        (abs)        0028F
_ODCONE                                        (abs)        00290
_OPTION_REGbits                                (abs)        00097
_OSCCON                                        (abs)        0009B
_OSCILLATOR_Initialize                         text9        00BF2
_OSCSTAT                                       (abs)        0009C
_OSCTUNE                                       (abs)        0009A
_PIC_IS_DRIVE_CONT                             dataBANK1    000A0
_PIE4bits                                      (abs)        00094
_PIN_MANAGER_Initialize                        text8        00F2A
_PIR1bits                                      (abs)        00011
_PIR4bits                                      (abs)        00014
_PLLR                                          (abs)        004E6
_PORTCbits                                     (abs)        0000E
_PPMRead                                       text15       00639
_PPMUpdatePWM                                  text16       00EEC
_RC1REG                                        (abs)        00199
_RC1STA                                        (abs)        0019D
_RC1STAbits                                    (abs)        0019D
_RC6PPS                                        (abs)        00EA6
_RXPPS                                         (abs)        00E3D
_SLRCONA                                       (abs)        0030C
_SLRCONB                                       (abs)        0030D
_SLRCONC                                       (abs)        0030E
_SLRCOND                                       (abs)        0030F
_SLRCONE                                       (abs)        00310
_SP1BRGH                                       (abs)        0019C
_SP1BRGL                                       (abs)        0019B
_STATUS                                        (abs)        00003
_SYSTEM_Initialize                             text1        007E8
_T1CON                                         (abs)        0001A
_T1CONbits                                     (abs)        0001A
_T1GCON                                        (abs)        0001B
_T1GCONbits                                    (abs)        0001B
_T3CON                                         (abs)        0001E
_T3CONbits                                     (abs)        0001E
_T3GCON                                        (abs)        0001F
_T3GCONbits                                    (abs)        0001F
_T5CON                                         (abs)        00411
_T5CONbits                                     (abs)        00411
_T5GCON                                        (abs)        00412
_T5GCONbits                                    (abs)        00412
_TMR1H                                         (abs)        00019
_TMR1L                                         (abs)        00018
_TMR1_Initialize                               text7        00C4A
_TMR3H                                         (abs)        0001D
_TMR3L                                         (abs)        0001C
_TMR3_CallBack                                 text47       00E7E
_TMR3_DefaultInterruptHandler                  text48       00E51
_TMR3_ISR                                      text46       00BAA
_TMR3_Initialize                               text5        00CC2
_TMR3_InterruptHandler                         bssBANK1     000CE
_TMR3_SetInterruptHandler                      text6        00BD6
_TMR3_WriteTimer                               text49       00C5A
_TMR5H                                         (abs)        00410
_TMR5L                                         (abs)        0040F
_TMR5_CallBack                                 text44       00EB5
_TMR5_DefaultInterruptHandler                  text45       00CAB
_TMR5_ISR                                      text42       00C14
_TMR5_Initialize                               text3        00CDE
_TMR5_InterruptHandler                         bssBANK1     000CA
_TMR5_SetInterruptHandler                      text4        00BDF
_TMR5_WriteTimer                               text43       00C3B
_TRISA                                         (abs)        0008C
_TRISB                                         (abs)        0008D
_TRISC                                         (abs)        0008E
_TRISD                                         (abs)        0008F
_TRISE                                         (abs)        00090
_TX1REG                                        (abs)        0019A
_TX1STA                                        (abs)        0019E
_TX1STAbits                                    (abs)        0019E
_UARTUpdatePWM                                 text23       0044F
_WDTCON                                        (abs)        00099
_WDT_Initialize                                text2        00BA6
_WPUA                                          (abs)        0020C
_WPUB                                          (abs)        0020D
_WPUC                                          (abs)        0020E
_WPUD                                          (abs)        0020F
_WPUE                                          (abs)        00210
_WREG                                          (abs)        00009
__CFG_BOREN$ON                                 (abs)        00000
__CFG_BORV$HI                                  (abs)        00000
__CFG_CLKOUTEN$OFF                             (abs)        00000
__CFG_CP$OFF                                   (abs)        00000
__CFG_FCMEN$ON                                 (abs)        00000
__CFG_FOSC$INTOSC                              (abs)        00000
__CFG_IESO$OFF                                 (abs)        00000
__CFG_LPBOR$ON                                 (abs)        00000
__CFG_LVP$OFF                                  (abs)        00000
__CFG_MCLRE$ON                                 (abs)        00000
__CFG_PLLEN$ON                                 (abs)        00000
__CFG_PPS1WAY$ON                               (abs)        00000
__CFG_PWRTE$ON                                 (abs)        00000
__CFG_STVREN$ON                                (abs)        00000
__CFG_WDTE$OFF                                 (abs)        00000
__CFG_WRT$OFF                                  (abs)        00000
__CFG_ZCD$OFF                                  (abs)        00000
__Habs1                                        abs1         00000
__Hbank0                                       bank0        00000
__Hbank1                                       bank1        00000
__Hbank10                                      bank10       00000
__Hbank11                                      bank11       00000
__Hbank12                                      bank12       00000
__Hbank13                                      bank13       00000
__Hbank14                                      bank14       00000
__Hbank15                                      bank15       00000
__Hbank16                                      bank16       00000
__Hbank17                                      bank17       00000
__Hbank18                                      bank18       00000
__Hbank19                                      bank19       00000
__Hbank2                                       bank2        00000
__Hbank20                                      bank20       00000
__Hbank21                                      bank21       00000
__Hbank22                                      bank22       00000
__Hbank23                                      bank23       00000
__Hbank24                                      bank24       00000
__Hbank25                                      bank25       00000
__Hbank26                                      bank26       00000
__Hbank27                                      bank27       00000
__Hbank28                                      bank28       00000
__Hbank29                                      bank29       00000
__Hbank3                                       bank3        00000
__Hbank30                                      bank30       00000
__Hbank31                                      bank31       00000
__Hbank4                                       bank4        00000
__Hbank5                                       bank5        00000
__Hbank6                                       bank6        00000
__Hbank7                                       bank7        00000
__Hbank8                                       bank8        00000
__Hbank9                                       bank9        00000
__Hbigram                                      bigram       00000
__HbssBANK1                                    bssBANK1     00000
__Hcinit                                       cinit        00041
__Hclrtext                                     clrtext      00000
__Hcode                                        code         00000
__Hcommon                                      common       00000
__Hconfig                                      config       08009
__HcstackBANK0                                 cstackBANK0  00000
__HcstackBANK1                                 cstackBANK1  00000
__HcstackCOMMON                                cstackCOMMON 00000
__HdataBANK1                                   dataBANK1    00000
__HdataBANK2                                   dataBANK2    00000
__Heeprom_data                                 eeprom_data  00000
__Hend_init                                    end_init     0001E
__Hfunctab                                     functab      00000
__HidataBANK1                                  idataBANK1   00000
__HidataBANK2                                  idataBANK2   00000
__Hidloc                                       idloc        00000
__Hinit                                        init         0001C
__Hinittext                                    inittext     00000
__Hintentry                                    intentry     0001C
__Hmaintext                                    maintext     00000
__Hpowerup                                     powerup      00000
__Hram                                         ram          00000
__Hreset_vec                                   reset_vec    00002
__Hsfr0                                        sfr0         00000
__Hsfr1                                        sfr1         00000
__Hsfr10                                       sfr10        00000
__Hsfr11                                       sfr11        00000
__Hsfr12                                       sfr12        00000
__Hsfr13                                       sfr13        00000
__Hsfr14                                       sfr14        00000
__Hsfr15                                       sfr15        00000
__Hsfr16                                       sfr16        00000
__Hsfr17                                       sfr17        00000
__Hsfr18                                       sfr18        00000
__Hsfr19                                       sfr19        00000
__Hsfr2                                        sfr2         00000
__Hsfr20                                       sfr20        00000
__Hsfr21                                       sfr21        00000
__Hsfr22                                       sfr22        00000
__Hsfr23                                       sfr23        00000
__Hsfr24                                       sfr24        00000
__Hsfr25                                       sfr25        00000
__Hsfr26                                       sfr26        00000
__Hsfr27                                       sfr27        00000
__Hsfr28                                       sfr28        00000
__Hsfr29                                       sfr29        00000
__Hsfr3                                        sfr3         00000
__Hsfr30                                       sfr30        00000
__Hsfr31                                       sfr31        00000
__Hsfr4                                        sfr4         00000
__Hsfr5                                        sfr5         00000
__Hsfr6                                        sfr6         00000
__Hsfr7                                        sfr7         00000
__Hsfr8                                        sfr8         00000
__Hsfr9                                        sfr9         00000
__Hspace_0                                     (abs)        08009
__Hspace_1                                     (abs)        00142
__Hspace_2                                     (abs)        00000
__Hspace_3                                     (abs)        00000
__Hstack                                       stack        00000
__Hstrings                                     strings      00000
__Hstringtext1                                 stringtext1  00000
__Hstringtext2                                 stringtext2  00000
__Hstringtext3                                 stringtext3  00000
__Htext                                        text         00000
__Labs1                                        abs1         00000
__Lbank0                                       bank0        00000
__Lbank1                                       bank1        00000
__Lbank10                                      bank10       00000
__Lbank11                                      bank11       00000
__Lbank12                                      bank12       00000
__Lbank13                                      bank13       00000
__Lbank14                                      bank14       00000
__Lbank15                                      bank15       00000
__Lbank16                                      bank16       00000
__Lbank17                                      bank17       00000
__Lbank18                                      bank18       00000
__Lbank19                                      bank19       00000
__Lbank2                                       bank2        00000
__Lbank20                                      bank20       00000
__Lbank21                                      bank21       00000
__Lbank22                                      bank22       00000
__Lbank23                                      bank23       00000
__Lbank24                                      bank24       00000
__Lbank25                                      bank25       00000
__Lbank26                                      bank26       00000
__Lbank27                                      bank27       00000
__Lbank28                                      bank28       00000
__Lbank29                                      bank29       00000
__Lbank3                                       bank3        00000
__Lbank30                                      bank30       00000
__Lbank31                                      bank31       00000
__Lbank4                                       bank4        00000
__Lbank5                                       bank5        00000
__Lbank6                                       bank6        00000
__Lbank7                                       bank7        00000
__Lbank8                                       bank8        00000
__Lbank9                                       bank9        00000
__Lbigram                                      bigram       00000
__LbssBANK1                                    bssBANK1     00000
__Lcinit                                       cinit        0001E
__Lclrtext                                     clrtext      00000
__Lcode                                        code         00000
__Lcommon                                      common       00000
__Lconfig                                      config       08007
__LcstackBANK0                                 cstackBANK0  00000
__LcstackBANK1                                 cstackBANK1  00000
__LcstackCOMMON                                cstackCOMMON 00000
__LdataBANK1                                   dataBANK1    00000
__LdataBANK2                                   dataBANK2    00000
__Leeprom_data                                 eeprom_data  00000
__Lend_init                                    end_init     0001C
__Lfunctab                                     functab      00000
__LidataBANK1                                  idataBANK1   00000
__LidataBANK2                                  idataBANK2   00000
__Lidloc                                       idloc        00000
__Linit                                        init         0001C
__Linittext                                    inittext     00000
__Lintentry                                    intentry     00004
__Lmaintext                                    maintext     00000
__Lpowerup                                     powerup      00000
__Lram                                         ram          00000
__Lreset_vec                                   reset_vec    00000
__Lsfr0                                        sfr0         00000
__Lsfr1                                        sfr1         00000
__Lsfr10                                       sfr10        00000
__Lsfr11                                       sfr11        00000
__Lsfr12                                       sfr12        00000
__Lsfr13                                       sfr13        00000
__Lsfr14                                       sfr14        00000
__Lsfr15                                       sfr15        00000
__Lsfr16                                       sfr16        00000
__Lsfr17                                       sfr17        00000
__Lsfr18                                       sfr18        00000
__Lsfr19                                       sfr19        00000
__Lsfr2                                        sfr2         00000
__Lsfr20                                       sfr20        00000
__Lsfr21                                       sfr21        00000
__Lsfr22                                       sfr22        00000
__Lsfr23                                       sfr23        00000
__Lsfr24                                       sfr24        00000
__Lsfr25                                       sfr25        00000
__Lsfr26                                       sfr26        00000
__Lsfr27                                       sfr27        00000
__Lsfr28                                       sfr28        00000
__Lsfr29                                       sfr29        00000
__Lsfr3                                        sfr3         00000
__Lsfr30                                       sfr30        00000
__Lsfr31                                       sfr31        00000
__Lsfr4                                        sfr4         00000
__Lsfr5                                        sfr5         00000
__Lsfr6                                        sfr6         00000
__Lsfr7                                        sfr7         00000
__Lsfr8                                        sfr8         00000
__Lsfr9                                        sfr9         00000
__Lspace_0                                     (abs)        00000
__Lspace_1                                     (abs)        00000
__Lspace_2                                     (abs)        00000
__Lspace_3                                     (abs)        00000
__Lstack                                       stack        00000
__Lstrings                                     strings      00000
__Lstringtext1                                 stringtext1  00000
__Lstringtext2                                 stringtext2  00000
__Lstringtext3                                 stringtext3  00000
__Ltext                                        text         00000
__S0                                           (abs)        08009
__S1                                           (abs)        00142
__S2                                           (abs)        00000
__Umul8_16                                     text27       00D55
__Umul8_16@multiplicand                        cstackBANK0  00020
__Umul8_16@multiplier                          cstackBANK0  00028
__Umul8_16@product                             cstackBANK0  00024
__Umul8_16@word_mpld                           cstackBANK0  00026
___fladd                                       text28       0026D
___fladd@a                                     cstackBANK0  0004C
___fladd@aexp                                  cstackBANK0  00059
___fladd@b                                     cstackBANK0  00048
___fladd@bexp                                  cstackBANK0  0005A
___fladd@grs                                   cstackBANK0  0005B
___fladd@signs                                 cstackBANK0  00058
___flmul                                       text26       00041
___flmul@a                                     cstackBANK0  00032
___flmul@aexp                                  cstackBANK0  0003C
___flmul@b                                     cstackBANK0  0002E
___flmul@bexp                                  cstackBANK0  00041
___flmul@grs                                   cstackBANK0  0003D
___flmul@prod                                  cstackBANK0  00042
___flmul@sign                                  cstackBANK0  0003B
___flmul@temp                                  cstackBANK0  00046
___fltol                                       text25       0071D
___fltol@exp1                                  cstackBANK0  00066
___fltol@f1                                    cstackBANK0  0005C
___fltol@sign1                                 cstackBANK0  00065
___int_sp                                      stack        00000
___latbits                                     (abs)        00002
___sp                                          stack        00000
___stackhi                                     (abs)        023EF
___stacklo                                     (abs)        020C2
___xxtofl                                      text24       00515
___xxtofl@arg                                  cstackBANK0  0002A
___xxtofl@exp                                  cstackBANK0  00029
___xxtofl@sign                                 cstackBANK0  00028
___xxtofl@val                                  cstackBANK0  00020
__end_of_CCP1_CaptureRead                      text21       00DDC
__end_of_CCP1_Initialize                       text14       00C14
__end_of_CCP1_IsCapturedDataReady              text20       00BF2
__end_of_CheckCRC                              text35       00FB3
__end_of_EUSART_Initialize                     text10       00E01
__end_of_EUSART_Read                           text34       00C08
__end_of_EUSART_SetErrorHandler                text13       00BC4
__end_of_EUSART_SetFramingErrorHandler         text12       00BCD
__end_of_EUSART_SetOverrunErrorHandler         text11       00BD6
__end_of_Filter                                text29       0071D
__end_of_GetAutoModeState                      text33       00D35
__end_of_GetCtrlModeState                      text32       00D17
__end_of_INTERRUPT_InterruptManager            intentry     0001C
__end_of_Init_PORT_Data                        text40       00C2E
__end_of_Init_PPM_Data                         text38       007E8
__end_of_Init_PWM_Data                         text37       00D55
__end_of_Init_UART_Data                        text36       00E27
__end_of_IsAutoMode                            text31       00C96
__end_of_IsDriveCont                           text39       00BA6
__end_of_IsManipulationMode                    text19       00C3B
__end_of_IsManualMode                          text18       00CAB
__end_of_IsPPMMode                             text17       00D97
__end_of_IsUARTMode                            text30       00C81
__end_of_LoadByte                              text22       00639
__end_of_OFFSET                                stringtext1  01004
__end_of_OSCILLATOR_Initialize                 text9        00BFC
__end_of_PIN_MANAGER_Initialize                text8        00F68
__end_of_PPMRead                               text15       006AF
__end_of_PPMUpdatePWM                          text16       00F2A
__end_of_SYSTEM_Initialize                     text1        00800
__end_of_TMR1_Initialize                       text7        00C5A
__end_of_TMR3_CallBack                         text47       00EB5
__end_of_TMR3_DefaultInterruptHandler          text48       00E7E
__end_of_TMR3_ISR                              text46       00BAF
__end_of_TMR3_Initialize                       text5        00CDE
__end_of_TMR3_SetInterruptHandler              text6        00BDF
__end_of_TMR3_WriteTimer                       text49       00C6D
__end_of_TMR5_CallBack                         text44       00EEC
__end_of_TMR5_DefaultInterruptHandler          text45       00CC2
__end_of_TMR5_ISR                              text42       00C21
__end_of_TMR5_Initialize                       text3        00CFA
__end_of_TMR5_SetInterruptHandler              text4        00BE8
__end_of_TMR5_WriteTimer                       text43       00C4A
__end_of_UARTUpdatePWM                         text23       00515
__end_of_UART_CONVERSION_MULTIPLIER_HIGH       stringtext3  0100C
__end_of_UART_CONVERSION_MULTIPLIER_LOW        stringtext2  01008
__end_of_WDT_Initialize                        text2        00BAA
__end_of__Umul8_16                             text27       00D75
__end_of___fladd                               text28       0044F
__end_of___flmul                               text26       0026D
__end_of___fltol                               text25       00783
__end_of___xxtofl                              text24       005AB
__end_of__initialization                       cinit        0003D
__end_of_main                                  maintext     01000
__initialization                               cinit        0001E
__pbssBANK1                                    bssBANK1     000CA
__pcstackBANK0                                 cstackBANK0  00020
__pcstackBANK1                                 cstackBANK1  000E0
__pcstackCOMMON                                cstackCOMMON 00070
__pdataBANK1                                   dataBANK1    000A0
__pdataBANK2                                   dataBANK2    00120
__pidataBANK1                                  idataBANK1   00E27
__pidataBANK2                                  idataBANK2   00D97
__pintentry                                    intentry     00004
__pmaintext                                    maintext     00FB3
__pstringtext1                                 stringtext1  01000
__pstringtext2                                 stringtext2  01004
__pstringtext3                                 stringtext3  01008
__ptext1                                       text1        007E8
__ptext10                                      text10       00DDC
__ptext11                                      text11       00BCD
__ptext12                                      text12       00BC4
__ptext13                                      text13       00BBB
__ptext14                                      text14       00C08
__ptext15                                      text15       00639
__ptext16                                      text16       00EEC
__ptext17                                      text17       00D75
__ptext18                                      text18       00C96
__ptext19                                      text19       00C2E
__ptext2                                       text2        00BA6
__ptext20                                      text20       00BE8
__ptext21                                      text21       00DB9
__ptext22                                      text22       005AB
__ptext23                                      text23       0044F
__ptext24                                      text24       00515
__ptext25                                      text25       0071D
__ptext26                                      text26       00041
__ptext27                                      text27       00D55
__ptext28                                      text28       0026D
__ptext29                                      text29       006AF
__ptext3                                       text3        00CDE
__ptext30                                      text30       00C6D
__ptext31                                      text31       00C81
__ptext32                                      text32       00CFA
__ptext33                                      text33       00D17
__ptext34                                      text34       00BFC
__ptext35                                      text35       00F68
__ptext36                                      text36       00E01
__ptext37                                      text37       00D35
__ptext38                                      text38       00783
__ptext39                                      text39       00BA3
__ptext4                                       text4        00BDF
__ptext40                                      text40       00C21
__ptext42                                      text42       00C14
__ptext43                                      text43       00C3B
__ptext44                                      text44       00EB5
__ptext45                                      text45       00CAB
__ptext46                                      text46       00BAA
__ptext47                                      text47       00E7E
__ptext48                                      text48       00E51
__ptext49                                      text49       00C5A
__ptext5                                       text5        00CC2
__ptext6                                       text6        00BD6
__ptext7                                       text7        00C4A
__ptext8                                       text8        00F2A
__ptext9                                       text9        00BF2
__size_of_CCP1_CaptureRead                     (abs)        00000
__size_of_CCP1_Initialize                      (abs)        00000
__size_of_CCP1_IsCapturedDataReady             (abs)        00000
__size_of_CheckCRC                             (abs)        00000
__size_of_EUSART_Initialize                    (abs)        00000
__size_of_EUSART_Read                          (abs)        00000
__size_of_EUSART_SetErrorHandler               (abs)        00000
__size_of_EUSART_SetFramingErrorHandler        (abs)        00000
__size_of_EUSART_SetOverrunErrorHandler        (abs)        00000
__size_of_Filter                               (abs)        00000
__size_of_GetAutoModeState                     (abs)        00000
__size_of_GetCtrlModeState                     (abs)        00000
__size_of_INTERRUPT_InterruptManager           (abs)        00000
__size_of_Init_PORT_Data                       (abs)        00000
__size_of_Init_PPM_Data                        (abs)        00000
__size_of_Init_PWM_Data                        (abs)        00000
__size_of_Init_UART_Data                       (abs)        00000
__size_of_IsAutoMode                           (abs)        00000
__size_of_IsDriveCont                          (abs)        00000
__size_of_IsManipulationMode                   (abs)        00000
__size_of_IsManualMode                         (abs)        00000
__size_of_IsPPMMode                            (abs)        00000
__size_of_IsUARTMode                           (abs)        00000
__size_of_LoadByte                             (abs)        00000
__size_of_OSCILLATOR_Initialize                (abs)        00000
__size_of_PIN_MANAGER_Initialize               (abs)        00000
__size_of_PPMRead                              (abs)        00000
__size_of_PPMUpdatePWM                         (abs)        00000
__size_of_SYSTEM_Initialize                    (abs)        00000
__size_of_TMR1_Initialize                      (abs)        00000
__size_of_TMR3_CallBack                        (abs)        00000
__size_of_TMR3_DefaultInterruptHandler         (abs)        00000
__size_of_TMR3_ISR                             (abs)        00000
__size_of_TMR3_Initialize                      (abs)        00000
__size_of_TMR3_SetInterruptHandler             (abs)        00000
__size_of_TMR3_WriteTimer                      (abs)        00000
__size_of_TMR5_CallBack                        (abs)        00000
__size_of_TMR5_DefaultInterruptHandler         (abs)        00000
__size_of_TMR5_ISR                             (abs)        00000
__size_of_TMR5_Initialize                      (abs)        00000
__size_of_TMR5_SetInterruptHandler             (abs)        00000
__size_of_TMR5_WriteTimer                      (abs)        00000
__size_of_UARTUpdatePWM                        (abs)        00000
__size_of_WDT_Initialize                       (abs)        00000
__size_of__Umul8_16                            (abs)        00000
__size_of___fladd                              (abs)        00000
__size_of___flmul                              (abs)        00000
__size_of___fltol                              (abs)        00000
__size_of___xxtofl                             (abs)        00000
__size_of_main                                 (abs)        00000
_driveWDT                                      bssBANK1     000DE
_eusartRxLastError                             bssBANK1     000DF
_lastCCP1Val                                   bssBANK1     000D8
_main                                          maintext     00FB3
_portData                                      dataBANK1    000C7
_ppmData                                       dataBANK2    00120
_ppmLoadState                                  bssBANK1     000DC
_pwmData                                       dataBANK1    000A1
_timer1ReloadVal                               bssBANK1     000DA
_timer3ReloadVal                               bssBANK1     000D0
_timer5ReloadVal                               bssBANK1     000CC
_uartData                                      dataBANK2    00135
_uartLoadState                                 bssBANK1     000DD
btemp                                          (abs)        0007E
clear_ram0                                     clrtext      00BAF
end_of_initialization                          cinit        0003D
init_ram                                       inittext     00BB5
int$flags                                      (abs)        0007E
intlevel0                                      functab      00000
intlevel1                                      functab      00000
intlevel2                                      functab      00000
intlevel3                                      functab      00000
intlevel4                                      functab      00000
intlevel5                                      functab      00000
reset_vec                                      reset_vec    00000
start                                          init         0001C
start_initialization                           cinit        0001E
wtemp0                                         (abs)        0007E


FUNCTION INFORMATION:

 *************** function _main *****************
 Defined at:
		line 95 in file "main.c"
 Parameters:    Size  Location     Type
		None
 Auto vars:     Size  Location     Type
		None
 Return value:  Size  Location     Type
                  1    wreg      void 
 Registers used:
		wreg, fsr0l, fsr0h, fsr1l, fsr1h, status,2, status,0, pclath, cstack
 Tracked objects:
		On entry : 
		On exit  : 
		Unchanged: 
 Data sizes:     COMMON   BANK0   BANK1   BANK2   BANK3   BANK4   BANK5   BANK6   BANK7   BANK8   BANK9  BANK10  BANK11  BANK12
      Params:         0       0       0       0       0       0       0       0       0       0       0       0       0       0
      Locals:         0       0       0       0       0       0       0       0       0       0       0       0       0       0
      Temps:          0       0       2       0       0       0       0       0       0       0       0       0       0       0
      Totals:         0       0       2       0       0       0       0       0       0       0       0       0       0       0
Total ram usage:        2 bytes
 Hardware stack levels required when called:    9
 This function calls:
		_Init_PORT_Data
		_Init_PPM_Data
		_Init_PWM_Data
		_Init_UART_Data
		_IsDriveCont
		_LoadByte
		_PPMRead
		_SYSTEM_Initialize
 This function is called by:
		Startup code after reset
 This function uses a non-reentrant model


 *************** function _SYSTEM_Initialize *****************
 Defined at:
		line 50 in file "mcc_generated_files/mcc.c"
 Parameters:    Size  Location     Type
		None
 Auto vars:     Size  Location     Type
		None
 Return value:  Size  Location     Type
                  1    wreg      void 
 Registers used:
		wreg, status,2, status,0, pclath, cstack
 Tracked objects:
		On entry : 
		On exit  : 
		Unchanged: 
 Data sizes:     COMMON   BANK0   BANK1   BANK2   BANK3   BANK4   BANK5   BANK6   BANK7   BANK8   BANK9  BANK10  BANK11  BANK12
      Params:         0       0       0       0       0       0       0       0       0       0       0       0       0       0
      Locals:         0       0       0       0       0       0       0       0       0       0       0       0       0       0
      Temps:          0       0       0       0       0       0       0       0       0       0       0       0       0       0
      Totals:         0       0       0       0       0       0       0       0       0       0       0       0       0       0
Total ram usage:        0 bytes
 Hardware stack levels used:    1
 Hardware stack levels required when called:    7
 This function calls:
		_CCP1_Initialize
		_EUSART_Initialize
		_OSCILLATOR_Initialize
		_PIN_MANAGER_Initialize
		_TMR1_Initialize
		_TMR3_Initialize
		_TMR5_Initialize
		_WDT_Initialize
 This function is called by:
		_main
 This function uses a non-reentrant model


 *************** function _WDT_Initialize *****************
 Defined at:
		line 79 in file "mcc_generated_files/mcc.c"
 Parameters:    Size  Location     Type
		None
 Auto vars:     Size  Location     Type
		None
 Return value:  Size  Location     Type
                  1    wreg      void 
 Registers used:
		wreg
 Tracked objects:
		On entry : 
		On exit  : 
		Unchanged: 
 Data sizes:     COMMON   BANK0   BANK1   BANK2   BANK3   BANK4   BANK5   BANK6   BANK7   BANK8   BANK9  BANK10  BANK11  BANK12
      Params:         0       0       0       0       0       0       0       0       0       0       0       0       0       0
      Locals:         0       0       0       0       0       0       0       0       0       0       0       0       0       0
      Temps:          0       0       0       0       0       0       0       0       0       0       0       0       0       0
      Totals:         0       0       0       0       0       0       0       0       0       0       0       0       0       0
Total ram usage:        0 bytes
 Hardware stack levels used:    1
 Hardware stack levels required when called:    5
 This function calls:
		Nothing
 This function is called by:
		_SYSTEM_Initialize
 This function uses a non-reentrant model


 *************** function _TMR5_Initialize *****************
 Defined at:
		line 71 in file "mcc_generated_files/tmr5.c"
 Parameters:    Size  Location     Type
		None
 Auto vars:     Size  Location     Type
		None
 Return value:  Size  Location     Type
                  1    wreg      void 
 Registers used:
		wreg, status,2, status,0, pclath, cstack
 Tracked objects:
		On entry : 
		On exit  : 
		Unchanged: 
 Data sizes:     COMMON   BANK0   BANK1   BANK2   BANK3   BANK4   BANK5   BANK6   BANK7   BANK8   BANK9  BANK10  BANK11  BANK12
      Params:         0       0       0       0       0       0       0       0       0       0       0       0       0       0
      Locals:         0       0       0       0       0       0       0       0       0       0       0       0       0       0
      Temps:          0       0       0       0       0       0       0       0       0       0       0       0       0       0
      Totals:         0       0       0       0       0       0       0       0       0       0       0       0       0       0
Total ram usage:        0 bytes
 Hardware stack levels used:    1
 Hardware stack levels required when called:    6
 This function calls:
		_TMR5_SetInterruptHandler
 This function is called by:
		_SYSTEM_Initialize
 This function uses a non-reentrant model


 *************** function _TMR5_SetInterruptHandler *****************
 Defined at:
		line 208 in file "mcc_generated_files/tmr5.c"
 Parameters:    Size  Location     Type
  InterruptHan    2    0[BANK0 ] PTR FTN()void 
		 -> TMR5_DefaultInterruptHandler(1), 
 Auto vars:     Size  Location     Type
		None
 Return value:  Size  Location     Type
                  1    wreg      void 
 Registers used:
		wreg
 Tracked objects:
		On entry : 
		On exit  : 
		Unchanged: 
 Data sizes:     COMMON   BANK0   BANK1   BANK2   BANK3   BANK4   BANK5   BANK6   BANK7   BANK8   BANK9  BANK10  BANK11  BANK12
      Params:         0       2       0       0       0       0       0       0       0       0       0       0       0       0
      Locals:         0       0       0       0       0       0       0       0       0       0       0       0       0       0
      Temps:          0       0       0       0       0       0       0       0       0       0       0       0       0       0
      Totals:         0       2       0       0       0       0       0       0       0       0       0       0       0       0
Total ram usage:        2 bytes
 Hardware stack levels used:    1
 Hardware stack levels required when called:    5
 This function calls:
		Nothing
 This function is called by:
		_TMR5_Initialize
 This function uses a non-reentrant model


 *************** function _TMR3_Initialize *****************
 Defined at:
		line 66 in file "mcc_generated_files/tmr3.c"
 Parameters:    Size  Location     Type
		None
 Auto vars:     Size  Location     Type
		None
 Return value:  Size  Location     Type
                  1    wreg      void 
 Registers used:
		wreg, status,2, status,0, pclath, cstack
 Tracked objects:
		On entry : 
		On exit  : 
		Unchanged: 
 Data sizes:     COMMON   BANK0   BANK1   BANK2   BANK3   BANK4   BANK5   BANK6   BANK7   BANK8   BANK9  BANK10  BANK11  BANK12
      Params:         0       0       0       0       0       0       0       0       0       0       0       0       0       0
      Locals:         0       0       0       0       0       0       0       0       0       0       0       0       0       0
      Temps:          0       0       0       0       0       0       0       0       0       0       0       0       0       0
      Totals:         0       0       0       0       0       0       0       0       0       0       0       0       0       0
Total ram usage:        0 bytes
 Hardware stack levels used:    1
 Hardware stack levels required when called:    6
 This function calls:
		_TMR3_SetInterruptHandler
 This function is called by:
		_SYSTEM_Initialize
 This function uses a non-reentrant model


 *************** function _TMR3_SetInterruptHandler *****************
 Defined at:
		line 200 in file "mcc_generated_files/tmr3.c"
 Parameters:    Size  Location     Type
  InterruptHan    2    0[BANK0 ] PTR FTN()void 
		 -> TMR3_DefaultInterruptHandler(1), 
 Auto vars:     Size  Location     Type
		None
 Return value:  Size  Location     Type
                  1    wreg      void 
 Registers used:
		wreg
 Tracked objects:
		On entry : 
		On exit  : 
		Unchanged: 
 Data sizes:     COMMON   BANK0   BANK1   BANK2   BANK3   BANK4   BANK5   BANK6   BANK7   BANK8   BANK9  BANK10  BANK11  BANK12
      Params:         0       2       0       0       0       0       0       0       0       0       0       0       0       0
      Locals:         0       0       0       0       0       0       0       0       0       0       0       0       0       0
      Temps:          0       0       0       0       0       0       0       0       0       0       0       0       0       0
      Totals:         0       2       0       0       0       0       0       0       0       0       0       0       0       0
Total ram usage:        2 bytes
 Hardware stack levels used:    1
 Hardware stack levels required when called:    5
 This function calls:
		Nothing
 This function is called by:
		_TMR3_Initialize
 This function uses a non-reentrant model


 *************** function _TMR1_Initialize *****************
 Defined at:
		line 63 in file "mcc_generated_files/tmr1.c"
 Parameters:    Size  Location     Type
		None
 Auto vars:     Size  Location     Type
		None
 Return value:  Size  Location     Type
                  1    wreg      void 
 Registers used:
		wreg, status,2
 Tracked objects:
		On entry : 
		On exit  : 
		Unchanged: 
[...]
      Totals:         0       3       0       0       0       0       0       0       0       0       0       0       0       0
Total ram usage:        3 bytes
 Hardware stack levels used:    1
 Hardware stack levels required when called:    6
 This function calls:
		_IsDriveCont
 This function is called by:
		_main
 This function uses a non-reentrant model


 *************** function _IsDriveCont *****************
 Defined at:
		line 243 in file "ARES_PPM_to_PWM.c"
 Parameters:    Size  Location     Type
		None
 Auto vars:     Size  Location     Type
		None
 Return value:  Size  Location     Type
                  1    wreg      unsigned char 
 Registers used:
		wreg
 Tracked objects:
		On entry : 
		On exit  : 
		Unchanged: 
 Data sizes:     COMMON   BANK0   BANK1   BANK2   BANK3   BANK4   BANK5   BANK6   BANK7   BANK8   BANK9  BANK10  BANK11  BANK12
      Params:         0       0       0       0       0       0       0       0       0       0       0       0       0       0
      Locals:         0       0       0       0       0       0       0       0       0       0       0       0       0       0
      Temps:          0       0       0       0       0       0       0       0       0       0       0       0       0       0
      Totals:         0       0       0       0       0       0       0       0       0       0       0       0       0       0
Total ram usage:        0 bytes
 Hardware stack levels used:    1
 Hardware stack levels required when called:    5
 This function calls:
		Nothing
 This function is called by:
		_Filter
		_Init_PPM_Data
		_IsUARTMode
		_IsPPMMode
		_main
 This function uses a non-reentrant model


 *************** function _Init_PORT_Data *****************
 Defined at:
		line 84 in file "ARES_PPM_to_PWM.c"
 Parameters:    Size  Location     Type
  port            1    wreg     PTR struct PORT_Data
		 -> portData(3), 
 Auto vars:     Size  Location     Type
  port            1    0[BANK0 ] PTR struct PORT_Data
		 -> portData(3), 
 Return value:  Size  Location     Type
                  1    wreg      void 
 Registers used:
		wreg, fsr1l, fsr1h, status,2, status,0
 Tracked objects:
		On entry : 
		On exit  : 
		Unchanged: 
 Data sizes:     COMMON   BANK0   BANK1   BANK2   BANK3   BANK4   BANK5   BANK6   BANK7   BANK8   BANK9  BANK10  BANK11  BANK12
      Params:         0       0       0       0       0       0       0       0       0       0       0       0       0       0
      Locals:         0       1       0       0       0       0       0       0       0       0       0       0       0       0
      Temps:          0       0       0       0       0       0       0       0       0       0       0       0       0       0
      Totals:         0       1       0       0       0       0       0       0       0       0       0       0       0       0
Total ram usage:        1 bytes
 Hardware stack levels used:    1
 Hardware stack levels required when called:    5
 This function calls:
		Nothing
 This function is called by:
		_main
 This function uses a non-reentrant model


 *************** function _INTERRUPT_InterruptManager *****************
 Defined at:
		line 52 in file "mcc_generated_files/interrupt_manager.c"
 Parameters:    Size  Location     Type
		None
 Auto vars:     Size  Location     Type
		None
 Return value:  Size  Location     Type
                  1    wreg      void 
 Registers used:
		wreg, fsr1l, fsr1h, status,2, status,0, pclath, cstack
 Tracked objects:
		On entry : 
		On exit  : 
		Unchanged: 
 Data sizes:     COMMON   BANK0   BANK1   BANK2   BANK3   BANK4   BANK5   BANK6   BANK7   BANK8   BANK9  BANK10  BANK11  BANK12
      Params:         0       0       0       0       0       0       0       0       0       0       0       0       0       0
      Locals:         0       0       0       0       0       0       0       0       0       0       0       0       0       0
      Temps:          0       0       0       0       0       0       0       0       0       0       0       0       0       0
      Totals:         0       0       0       0       0       0       0       0       0       0       0       0       0       0
Total ram usage:        0 bytes
 Hardware stack levels used:    1
 Hardware stack levels required when called:    4
 This function calls:
		_TMR3_ISR
		_TMR5_ISR
 This function is called by:
		Interrupt level 1
 This function uses a non-reentrant model


 *************** function _TMR5_ISR *****************
 Defined at:
		line 164 in file "mcc_generated_files/tmr5.c"
 Parameters:    Size  Location     Type
		None
 Auto vars:     Size  Location     Type
		None
 Return value:  Size  Location     Type
                  1    wreg      void 
 Registers used:
		wreg, fsr1l, fsr1h, status,2, status,0, pclath, cstack
 Tracked objects:
		On entry : 
		On exit  : 
		Unchanged: 
 Data sizes:     COMMON   BANK0   BANK1   BANK2   BANK3   BANK4   BANK5   BANK6   BANK7   BANK8   BANK9  BANK10  BANK11  BANK12
      Params:         0       0       0       0       0       0       0       0       0       0       0       0       0       0
      Locals:         0       0       0       0       0       0       0       0       0       0       0       0       0       0
      Temps:          0       0       0       0       0       0       0       0       0       0       0       0       0       0
      Totals:         0       0       0       0       0       0       0       0       0       0       0       0       0       0
Total ram usage:        0 bytes
 Hardware stack levels used:    1
 Hardware stack levels required when called:    3
 This function calls:
		_TMR5_CallBack
		_TMR5_WriteTimer
 This function is called by:
		_INTERRUPT_InterruptManager
 This function uses a non-reentrant model


 *************** function _TMR5_WriteTimer *****************
 Defined at:
		line 127 in file "mcc_generated_files/tmr5.c"
 Parameters:    Size  Location     Type
  timerVal        2    0[COMMON] unsigned int 
 Auto vars:     Size  Location     Type
		None
 Return value:  Size  Location     Type
                  1    wreg      void 
 Registers used:
		wreg, status,2
 Tracked objects:
		On entry : 
		On exit  : 
		Unchanged: 
 Data sizes:     COMMON   BANK0   BANK1   BANK2   BANK3   BANK4   BANK5   BANK6   BANK7   BANK8   BANK9  BANK10  BANK11  BANK12
      Params:         2       0       0       0       0       0       0       0       0       0       0       0       0       0
      Locals:         0       0       0       0       0       0       0       0       0       0       0       0       0       0
      Temps:          0       0       0       0       0       0       0       0       0       0       0       0       0       0
      Totals:         2       0       0       0       0       0       0       0       0       0       0       0       0       0
Total ram usage:        2 bytes
 Hardware stack levels used:    1
 This function calls:
		Nothing
 This function is called by:
		_TMR5_ISR
		_TMR5_Reload
 This function uses a non-reentrant model


 *************** function _TMR5_CallBack *****************
 Defined at:
		line 177 in file "mcc_generated_files/tmr5.c"
 Parameters:    Size  Location     Type
		None
 Auto vars:     Size  Location     Type
  saveFSR1L       1   10[COMMON] unsigned char 
  saveFSR1H       1    9[COMMON] unsigned char 
  saveFSR0L       1    8[COMMON] unsigned char 
  saveFSR0H       1    7[COMMON] unsigned char 
  saveSTATUS      1    6[COMMON] unsigned char 
  saveBSR         1    5[COMMON] unsigned char 
  saveWREG        1    4[COMMON] unsigned char 
 Return value:  Size  Location     Type
                  1    wreg      void 
 Registers used:
		wreg, fsr1l, fsr1h, status,2, status,0, pclath, cstack
 Tracked objects:
		On entry : 
		On exit  : 
		Unchanged: 
 Data sizes:     COMMON   BANK0   BANK1   BANK2   BANK3   BANK4   BANK5   BANK6   BANK7   BANK8   BANK9  BANK10  BANK11  BANK12
      Params:         0       0       0       0       0       0       0       0       0       0       0       0       0       0
      Locals:         7       0       0       0       0       0       0       0       0       0       0       0       0       0
      Temps:          1       0       0       0       0       0       0       0       0       0       0       0       0       0
      Totals:         8       0       0       0       0       0       0       0       0       0       0       0       0       0
Total ram usage:        8 bytes
 Hardware stack levels used:    1
 Hardware stack levels required when called:    2
 This function calls:
		Absolute function
		_TMR5_DefaultInterruptHandler
 This function is called by:
		_TMR5_ISR
 This function uses a non-reentrant model


 *************** function _TMR5_DefaultInterruptHandler *****************
 Defined at:
		line 212 in file "mcc_generated_files/tmr5.c"
 Parameters:    Size  Location     Type
		None
 Auto vars:     Size  Location     Type
		None
 Return value:  Size  Location     Type
                  1    wreg      void 
 Registers used:
		wreg, fsr1l, fsr1h, status,2, status,0, pclath, cstack
 Tracked objects:
		On entry : 
		On exit  : 
		Unchanged: 
 Data sizes:     COMMON   BANK0   BANK1   BANK2   BANK3   BANK4   BANK5   BANK6   BANK7   BANK8   BANK9  BANK10  BANK11  BANK12
      Params:         0       0       0       0       0       0       0       0       0       0       0       0       0       0
      Locals:         0       0       0       0       0       0       0       0       0       0       0       0       0       0
      Temps:          1       0       0       0       0       0       0       0       0       0       0       0       0       0
      Totals:         1       0       0       0       0       0       0       0       0       0       0       0       0       0
Total ram usage:        1 bytes
 Hardware stack levels used:    1
 Hardware stack levels required when called:    1
 This function calls:
		_TMR3_WriteTimer
 This function is called by:
		_TMR5_Initialize
		_TMR5_CallBack
 This function uses a non-reentrant model


 *************** function _TMR3_ISR *****************
 Defined at:
		line 160 in file "mcc_generated_files/tmr3.c"
 Parameters:    Size  Location     Type
		None
 Auto vars:     Size  Location     Type
		None
 Return value:  Size  Location     Type
                  1    wreg      void 
 Registers used:
		wreg, fsr1l, fsr1h, status,2, status,0, pclath, cstack
 Tracked objects:
		On entry : 
		On exit  : 
		Unchanged: 
 Data sizes:     COMMON   BANK0   BANK1   BANK2   BANK3   BANK4   BANK5   BANK6   BANK7   BANK8   BANK9  BANK10  BANK11  BANK12
      Params:         0       0       0       0       0       0       0       0       0       0       0       0       0       0
      Locals:         0       0       0       0       0       0       0       0       0       0       0       0       0       0
      Temps:          0       0       0       0       0       0       0       0       0       0       0       0       0       0
      Totals:         0       0       0       0       0       0       0       0       0       0       0       0       0       0
Total ram usage:        0 bytes
 Hardware stack levels used:    1
 Hardware stack levels required when called:    3
 This function calls:
		_TMR3_CallBack
 This function is called by:
		_INTERRUPT_InterruptManager
 This function uses a non-reentrant model


 *************** function _TMR3_CallBack *****************
 Defined at:
		line 172 in file "mcc_generated_files/tmr3.c"
 Parameters:    Size  Location     Type
		None
 Auto vars:     Size  Location     Type
  saveFSR1L       1   11[COMMON] unsigned char 
  saveFSR1H       1   10[COMMON] unsigned char 
  saveFSR0L       1    9[COMMON] unsigned char 
  saveFSR0H       1    8[COMMON] unsigned char 
  saveSTATUS      1    7[COMMON] unsigned char 
  saveBSR         1    6[COMMON] unsigned char 
  saveWREG        1    5[COMMON] unsigned char 
 Return value:  Size  Location     Type
                  1    wreg      void 
 Registers used:
		wreg, fsr1l, fsr1h, status,2, status,0, pclath, cstack
 Tracked objects:
		On entry : 
		On exit  : 
		Unchanged: 
 Data sizes:     COMMON   BANK0   BANK1   BANK2   BANK3   BANK4   BANK5   BANK6   BANK7   BANK8   BANK9  BANK10  BANK11  BANK12
      Params:         0       0       0       0       0       0       0       0       0       0       0       0       0       0
      Locals:         7       0       0       0       0       0       0       0       0       0       0       0       0       0
      Temps:          1       0       0       0       0       0       0       0       0       0       0       0       0       0
      Totals:         8       0       0       0       0       0       0       0       0       0       0       0       0       0
Total ram usage:        8 bytes
 Hardware stack levels used:    1
 Hardware stack levels required when called:    2
 This function calls:
		Absolute function
		_TMR3_DefaultInterruptHandler
 This function is called by:
		_TMR3_ISR
 This function uses a non-reentrant model


 *************** function _TMR3_DefaultInterruptHandler *****************
 Defined at:
		line 204 in file "mcc_generated_files/tmr3.c"
 Parameters:    Size  Location     Type
		None
 Auto vars:     Size  Location     Type
		None
 Return value:  Size  Location     Type
                  1    wreg      void 
 Registers used:
		wreg, fsr1l, fsr1h, status,2, status,0, pclath, cstack
 Tracked objects:
		On entry : 
		On exit  : 
		Unchanged: 
 Data sizes:     COMMON   BANK0   BANK1   BANK2   BANK3   BANK4   BANK5   BANK6   BANK7   BANK8   BANK9  BANK10  BANK11  BANK12
      Params:         0       0       0       0       0       0       0       0       0       0       0       0       0       0
      Locals:         0       0       0       0       0       0       0       0       0       0       0       0       0       0
      Temps:          2       0       0       0       0       0       0       0       0       0       0       0       0       0
      Totals:         2       0       0       0       0       0       0       0       0       0       0       0       0       0
Total ram usage:        2 bytes
 Hardware stack levels used:    1
 Hardware stack levels required when called:    1
 This function calls:
		_TMR3_WriteTimer
 This function is called by:
		_TMR3_Initialize
		_TMR3_CallBack
 This function uses a non-reentrant model


 *************** function _TMR3_WriteTimer *****************
 Defined at:
		line 122 in file "mcc_generated_files/tmr3.c"
 Parameters:    Size  Location     Type
  timerVal        2    0[COMMON] unsigned int 
 Auto vars:     Size  Location     Type
		None
 Return value:  Size  Location     Type
                  1    wreg      void 
 Registers used:
		wreg, status,2
 Tracked objects:
		On entry : 
		On exit  : 
		Unchanged: 
 Data sizes:     COMMON   BANK0   BANK1   BANK2   BANK3   BANK4   BANK5   BANK6   BANK7   BANK8   BANK9  BANK10  BANK11  BANK12
      Params:         2       0       0       0       0       0       0       0       0       0       0       0       0       0
      Locals:         0       0       0       0       0       0       0       0       0       0       0       0       0       0
      Temps:          0       0       0       0       0       0       0       0       0       0       0       0       0       0
      Totals:         2       0       0       0       0       0       0       0       0       0       0       0       0       0
Total ram usage:        2 bytes
 Hardware stack levels used:    1
 This function calls:
		Nothing
 This function is called by:
		_TMR3_DefaultInterruptHandler
		_TMR5_DefaultInterruptHandler
		_TMR3_Reload
 This function uses a non-reentrant model



MODULE INFORMATION

Module		Function		Class		Link	Load	Size
mcc_generated_files/ccp1.c
		_CCP1_CaptureRead		CODE           	0DB9	0000	36
		_CCP1_Initialize		CODE           	0C08	0000	13
		_CCP1_IsCapturedDataReady		CODE           	0BE8	0000	11

mcc_generated_files/ccp1.c estimated size: 60

/opt/microchip/xc8/v2.05/pic/sources/c90/common/xxtofl.c
		___xxtofl      		CODE           	0515	0000	151

/opt/microchip/xc8/v2.05/pic/sources/c90/common/xxtofl.c estimated size: 151

/opt/microchip/xc8/v2.05/pic/sources/c90/common/sprcmul.c
		___flmul       		CODE           	0041	0000	557

/opt/microchip/xc8/v2.05/pic/sources/c90/common/sprcmul.c estimated size: 557

mcc_generated_files/interrupt_manager.c
		_INTERRUPT_InterruptManager		CODE           	0004	0000	25

mcc_generated_files/interrupt_manager.c estimated size: 25

ARES_PPM_to_PWM.c
		_GetAutoModeState		CODE           	0D17	0000	31
		_Init_PORT_Data		CODE           	0C21	0000	14
		_UARTUpdatePWM 		CODE           	044F	0000	199
		_IsDriveCont   		CODE           	0BA3	0000	4
		_Init_UART_Data		CODE           	0E01	0000	39
		_Filter        		CODE           	06AF	0000	111
		_IsAutoMode    		CODE           	0C81	0000	22
		_GetCtrlModeState		CODE           	0CFA	0000	30
		_IsManipulationMode		CODE           	0C2E	0000	14
		_PPMRead       		CODE           	0639	0000	119
		_Init_PWM_Data 		CODE           	0D35	0000	33
		_IsUARTMode    		CODE           	0C6D	0000	21
		_PPMUpdatePWM  		CODE           	0EEC	0000	63
		_Init_PPM_Data 		CODE           	0783	0000	102
		_CheckCRC      		CODE           	0F68	0000	76
		_IsPPMMode     		CODE           	0D75	0000	35
		_LoadByte      		CODE           	05AB	0000	143
		_IsManualMode  		CODE           	0C96	0000	22

ARES_PPM_to_PWM.c estimated size: 1078

mcc_generated_files/pin_manager.c
		_PIN_MANAGER_Initialize		CODE           	0F2A	0000	63

mcc_generated_files/pin_manager.c estimated size: 63

/opt/microchip/xc8/v2.05/pic/sources/c90/common/sprcadd.c
		___fladd       		CODE           	026D	0000	483

/opt/microchip/xc8/v2.05/pic/sources/c90/common/sprcadd.c estimated size: 483

/opt/microchip/xc8/v2.05/pic/sources/c90/common/Umul8_16.c
		__Umul8_16     		CODE           	0D55	0000	33

/opt/microchip/xc8/v2.05/pic/sources/c90/common/Umul8_16.c estimated size: 33

mcc_generated_files/tmr5.c
		_TMR5_ISR      		CODE           	0C14	0000	14
		_TMR5_Initialize		CODE           	0CDE	0000	29
		_TMR5_SetInterruptHandler		CODE           	0BDF	0000	10
		_TMR5_DefaultInterruptHandler		CODE           	0CAB	0000	24
		_TMR5_CallBack 		CODE           	0EB5	0000	56
		_TMR5_WriteTimer		CODE           	0C3B	0000	16

mcc_generated_files/tmr5.c estimated size: 149

shared
		_OFFSET        		STRCODE        	0000	0000	0
		__initialization		CODE           	001E	0000	32
		_UART_CONVERSION_MULTIPLIER_LOW		STRCODE        	0000	0000	0
		_UART_CONVERSION_MULTIPLIER_HIGH		STRCODE        	0000	0000	0

shared estimated size: 32

mcc_generated_files/mcc.c
		_WDT_Initialize		CODE           	0BA6	0000	5
		_OSCILLATOR_Initialize		CODE           	0BF2	0000	11
		_SYSTEM_Initialize		CODE           	07E8	0000	25

mcc_generated_files/mcc.c estimated size: 41

mcc_generated_files/tmr3.c
		_TMR3_ISR      		CODE           	0BAA	0000	6
		_TMR3_Initialize		CODE           	0CC2	0000	29
		_TMR3_SetInterruptHandler		CODE           	0BD6	0000	10
		_TMR3_DefaultInterruptHandler		CODE           	0E51	0000	46
		_TMR3_CallBack 		CODE           	0E7E	0000	56
		_TMR3_WriteTimer		CODE           	0C5A	0000	20

mcc_generated_files/tmr3.c estimated size: 167

mcc_generated_files/tmr1.c
		_TMR1_Initialize		CODE           	0C4A	0000	17

mcc_generated_files/tmr1.c estimated size: 17

/opt/microchip/xc8/v2.05/pic/sources/c90/common/fltol.c
		___fltol       		CODE           	071D	0000	103

/opt/microchip/xc8/v2.05/pic/sources/c90/common/fltol.c estimated size: 103

mcc_generated_files/eusart.c
		_EUSART_Read   		CODE           	0BFC	0000	13
		_EUSART_Initialize		CODE           	0DDC	0000	38
		_EUSART_SetFramingErrorHandler		CODE           	0BC4	0000	10
		_EUSART_SetErrorHandler		CODE           	0BBB	0000	10
		_EUSART_SetOverrunErrorHandler		CODE           	0BCD	0000	10

mcc_generated_files/eusart.c estimated size: 81

main.c
		_main          		CODE           	0FB3	0000	78

main.c estimated size: 78

